<html>
<body>
<pre>
<h1>µVision Build Log</h1>
<h2>Tool Versions:</h2>
IDE-Version: µVision V5.13.0.0
Copyright (C) 2014 ARM Ltd and ARM Germany GmbH. All rights reserved.
License Information: Bob Joe, Bob, LIC=JDAJJ-UQPLJ-76IQT-R6F72-QH6EK-7Q8B0
 
Tool Versions:
Toolchain:       MDK-ARM Professional  Version: 5.13.0.0
Toolchain Path:  C:\Keil_v5\ARM\ARMCC\Bin
C Compiler:      Armcc.exe V5.05 update 1 (build 106)
Assembler:       Armasm.exe V5.05 update 1 (build 106)
Linker/Locator:  ArmLink.exe V5.05 update 1 (build 106)
Library Manager: ArmAr.exe V5.05 update 1 (build 106)
Hex Converter:   FromElf.exe V5.05 update 1 (build 106)
CPU DLL:         SARMCM3.DLL V5.13.0.0
Dialog DLL:      DCM.DLL V1.13.1.0
Target DLL:      STLink\ST-LINKIII-KEIL_SWO.dll V2.0.14.0_KEIL
Dialog DLL:      TCM.DLL V1.14.4.0
 
<h2>Project:</h2>
C:\Users\arko\Desktop\Cal Poly Pomona\Senior Project\Software\RoboSubV2_STM32\STM32F4DIS-BB Software Examples\Codes\STM32F4xx_USART_Example\Project\USART_Printf\MDK-ARM\Project.uvproj
Project File Date:  05/03/2015

<h2>Output:</h2>
Rebuild target 'Discover-More'
compiling main.c...
compiling stm32f4xx_it.c...
compiling system_stm32f4xx.c...
compiling stm32f4_discovery.c...
compiling misc.c...
compiling stm32f4xx_usart.c...
compiling stm32f4xx_dma.c...
compiling stm32f4xx_gpio.c...
compiling stm32f4xx_rcc.c...
compiling stm32f4xx_sdio.c...
compiling stm32f4xx_exti.c...
compiling stm32f4xx_syscfg.c...
assembling startup_stm32f4xx.s...
linking...
Program Size: Code=6392 RO-data=508 RW-data=88 ZI-data=1296  
".\Discover-More\Project.axf" - 0 Error(s), 0 Warning(s).
</pre>
</body>
</html>
